// Jest Snapshot v1, https://goo.gl/fbAQLP

exports[`Render Video Player 1`] = `
<div
  className="small-movie-card__poster"
  onMouseEnter={[Function]}
  onMouseLeave={[Function]}
>
  <video
    height="175"
    muted={true}
    poster="img/fantastic-beasts-the-crimes-of-grindelwald.jpg"
    width="280"
  >
    <source
      src="https://download.blender.org/durian/trailer/sintel_trailer-480p.mp4"
      type="video/webm"
    />
    <source
      src="https://download.blender.org/durian/trailer/sintel_trailer-480p.mp4"
      type="video/mp4"
    />
  </video>
</div>
`;
