// Jest Snapshot v1, https://goo.gl/fbAQLP

exports[`Render Movie Card 1`] = `
<article
  className="small-movie-card catalog__movies-card"
  onClick={[Function]}
  onMouseEnter={[MockFunction]}
>
  <div
    className="small-movie-card__poster"
    onMouseEnter={[Function]}
    onMouseLeave={[Function]}
  >
    <video
      height="175"
      muted={true}
      poster="img/image1"
      width="280"
    >
      <source
        src="src1"
        type="video/webm"
      />
      <source
        src="src1"
        type="video/mp4"
      />
    </video>
  </div>
  <h3
    className="small-movie-card__title"
  >
    <a
      className="small-movie-card__link"
      href="movie-page.html"
    >
      title1
    </a>
  </h3>
</article>
`;
