// Jest Snapshot v1, https://goo.gl/fbAQLP

exports[`Render Movie Card 1`] = `
<article
  className="small-movie-card catalog__movies-card"
  onMouseOver={[MockFunction]}
>
  <div
    className="small-movie-card__poster"
  >
    <img
      alt="title1"
      height="175"
      onClick={[Function]}
      src="img/image1"
      width="280"
    />
  </div>
  <h3
    className="small-movie-card__title"
  >
    <a
      className="small-movie-card__link"
      href="movie-page.html"
      onClick={[Function]}
    >
      title1
    </a>
  </h3>
</article>
`;
